<html>
<body>
<pre>
<h1>µVision Build Log</h1>
<h2>Tool Versions:</h2>
IDE-Version: ¦ÌVision V5.26.2.0
Copyright (C) 2018 ARM Ltd and ARM Germany GmbH. All rights reserved.
License Information: lfx885 fuxi, zhilian, LIC=X96CK-ZPGXB-Z9NG9-495M7-W1ZVV-LSP1V
 
Tool Versions:
Toolchain:       MDK-ARM Plus  Version: 5.26.2.0
Toolchain Path:  C:\Keil_v5\ARM\ARMCC\Bin
C Compiler:      Armcc.exe V5.06 update 6 (build 750)
Assembler:       Armasm.exe V5.06 update 6 (build 750)
Linker/Locator:  ArmLink.exe V5.06 update 6 (build 750)
Library Manager: ArmAr.exe V5.06 update 6 (build 750)
Hex Converter:   FromElf.exe V5.06 update 6 (build 750)
CPU DLL:         SARMCM3.DLL V5.26.2.0
Dialog DLL:      DARMSTM.DLL V1.68.0.0
Target DLL:      UL2CM3.DLL V1.161.6.0
Dialog DLL:      TARMSTM.DLL V1.66.0.0
 
<h2>Project:</h2>
C:\Users\lfx885\Desktop\YX69988-LAN8702ÍøÂçÄ£¿é-190508\LAN8720-ETH-Board-Code\STM32\ETH_LwIP\MDK_Project\RVMDK\Project.uvproj
Project File Date:  12/03/2022

<h2>Output:</h2>
*** Using Compiler 'V5.06 update 6 (build 750)', folder: 'C:\Keil_v5\ARM\ARMCC\Bin'
Build target 'STM3210C-EVAL'
compiling tftputils.c...
compiling tftpserver.c...
compiling netconf.c...
compiling client.c...
compiling server.c...
compiling helloworld.c...
compiling main.c...
compiling httpd.c...
compiling stm32f107.c...
compiling stm32f10x_it.c...
compiling stm32f10x_spi.c...
compiling stm32f10x_gpio.c...
compiling stm32f10x_usart.c...
compiling stm32f10x_exti.c...
compiling stm32f10x_rcc.c...
compiling misc.c...
compiling stm32f10x_flash.c...
compiling stm32f10x_adc.c...
compiling stm32f10x_i2c.c...
compiling stm32f10x_tim.c...
compiling stm32_eval.c...
compiling stm32_eth.c...
compiling stm3210c_eval_ioe.c...
compiling tcpip.c...
compiling api_lib.c...
compiling stm3210c_eval_lcd.c...
compiling netbuf.c...
compiling netifapi.c...
compiling api_msg.c...
compiling netdb.c...
compiling err.c...
compiling ethernetif.c...
compiling stats.c...
compiling sys.c...
compiling dhcp.c...
compiling tcp.c...
compiling udp.c...
compiling init.c...
compiling tcp_out.c...
..\..\Utilities\lwip-1.3.1\src\core\tcp_out.c(458): warning:  #550-D: variable "tcphdr"  was set but never used
    struct tcp_hdr *tcphdr;
..\..\Utilities\lwip-1.3.1\src\core\tcp_out.c(871): warning:  #550-D: variable "tcphdr"  was set but never used
    struct tcp_hdr *tcphdr;
..\..\Utilities\lwip-1.3.1\src\core\tcp_out.c(925): warning:  #550-D: variable "tcphdr"  was set but never used
    struct tcp_hdr *tcphdr;
..\..\Utilities\lwip-1.3.1\src\core\tcp_out.c: 3 warnings, 0 errors
compiling tcp_in.c...
compiling mem.c...
..\..\Utilities\lwip-1.3.1\src\core\mem.c(184): warning:  #550-D: variable "mem_sem"  was set but never used
  static sys_sem_t mem_sem;
..\..\Utilities\lwip-1.3.1\src\core\mem.c: 1 warning, 0 errors
compiling memp.c...
compiling raw.c...
compiling pbuf.c...
compiling igmp.c...
compiling autoip.c...
compiling netif.c...
compiling icmp.c...
compiling inet.c...
compiling inet_chksum.c...
compiling ip.c...
compiling ip_addr.c...
compiling disc.c...
compiling dir.c...
..\..\Utilities\efsl\source\dir.c(245): warning:  #1293-D: assignment in condition
  		if((fclus=dir_findinBuf(buf,fatname,loc,mode))){
..\..\Utilities\efsl\source\dir.c(274): warning:  #1293-D: assignment in condition
  		if((cluster=dir_findinCluster(fs,Cache.DiscCluster,fatname,loc,mode))){
..\..\Utilities\efsl\source\dir.c(296): warning:  #1293-D: assignment in condition
  		if((fclus=dir_findinBuf(buf,fatname,loc,mode))){
..\..\Utilities\efsl\source\dir.c(322): warning:  #1293-D: assignment in condition
  	while((next=file_normalToFatName(next,ffnamec))){
..\..\Utilities\efsl\source\dir.c: 4 warnings, 0 errors
compiling etharp.c...
compiling ip_frag.c...
compiling efs.c...
compiling extract.c...
compiling fat.c...
compiling mkfs.c...
compiling file.c...
compiling ls.c...
compiling fs.c...
compiling ioman.c...
compiling partition.c...
compiling plibc.c...
compiling time.c...
compiling ui.c...
compiling sd.c...
assembling startup_stm32f10x_cl.s...
compiling core_cm3.c...
compiling sd_stm32.c...
compiling system_stm32f10x.c...
linking...
Program Size: Code=35004 RO-data=37212 RW-data=4916 ZI-data=52868  
FromELF: creating hex file...
".\Obj\STM3210C-EVAL.axf" - 0 Error(s), 8 Warning(s).
Build Time Elapsed:  00:00:18
</pre>
</body>
</html>
